error PC : 0xc5f6
not exist function code 0x0
